// Jest Snapshot v1, https://goo.gl/fbAQLP

exports[`Tests transformElasticSearchOutput Matches snapshot 1`] = `
Array [
  Object {
    "CTR": 107.30474198047419,
    "ad_tag_id": "3123",
    "ad_type": "VMAP",
    "appowner_id": "1113",
    "appowner_name": undefined,
    "campaign_id": "1131",
    "campaign_name": "campaign 1131",
    "clicks_count": 4924,
    "complete": 83151,
    "content_id": "1312",
    "content_name": "Web series EP 1312",
    "content_type": "LIVE",
    "conversion_count": 342,
    "demand_type": "direct",
    "eCPM": 0.0007727724356275576,
    "first_quarter": 17911,
    "impressions_count": 45888,
    "mid_point": 17608,
    "pause": 47129,
    "requests_count": 505905,
    "revenue_count": 59381,
    "skip": 120143,
    "tag_name": "automobile tag 3123",
    "third_quarter": 19946,
    "timestamp": "2021-08-03T16:52:02.517Z",
  },
  Object {
    "CTR": 99.82155754769087,
    "ad_tag_id": "2516",
    "ad_type": "VAST",
    "appowner_id": "1112",
    "appowner_name": undefined,
    "campaign_id": "1125",
    "campaign_name": "campaign 1125",
    "clicks_count": 4699,
    "complete": 83556,
    "content_id": "1251",
    "content_name": "Web series EP 1251",
    "content_type": "LIVE",
    "conversion_count": 362,
    "demand_type": "direct",
    "eCPM": 0.001326663472648874,
    "first_quarter": 18560,
    "impressions_count": 47074,
    "mid_point": 18449,
    "pause": 48886,
    "requests_count": 472604,
    "revenue_count": 35483,
    "skip": 118744,
    "tag_name": "automobile tag 2516",
    "third_quarter": 20265,
    "timestamp": "2021-08-04T14:18:56.497Z",
  },
  Object {
    "CTR": 94.04339427698666,
    "ad_tag_id": "3451",
    "ad_type": "VMAP",
    "appowner_id": "1113",
    "appowner_name": undefined,
    "campaign_id": "1134",
    "campaign_name": "campaign 1134",
    "clicks_count": 4187,
    "complete": 85000,
    "content_id": "1345",
    "content_name": "Web series EP 1345",
    "content_type": "VOD",
    "conversion_count": 631,
    "demand_type": "direct",
    "eCPM": 0.0008844434732513558,
    "first_quarter": 19291,
    "impressions_count": 44522,
    "mid_point": 21315,
    "pause": 45452,
    "requests_count": 482440,
    "revenue_count": 50339,
    "skip": 116190,
    "tag_name": "automobile tag 3451",
    "third_quarter": 21199,
    "timestamp": "2021-08-04T16:56:20.717Z",
  },
  Object {
    "CTR": 80.10168708111856,
    "ad_tag_id": "3580",
    "ad_type": "VMAP",
    "appowner_id": "1113",
    "appowner_name": undefined,
    "campaign_id": "1135",
    "campaign_name": "campaign 1135",
    "clicks_count": 3466,
    "complete": 82280,
    "content_id": "1357",
    "content_name": "Web series EP 1357",
    "content_type": "VOD",
    "conversion_count": 430,
    "demand_type": "direct",
    "eCPM": 0.0010687909102136595,
    "first_quarter": 20031,
    "impressions_count": 43270,
    "mid_point": 19775,
    "pause": 46051,
    "requests_count": 455191,
    "revenue_count": 40485,
    "skip": 116075,
    "tag_name": "automobile tag 3580",
    "third_quarter": 17982,
    "timestamp": "2021-08-04T16:57:45.413Z",
  },
  Object {
    "CTR": 124.18554476806904,
    "ad_tag_id": "3584",
    "ad_type": "VAST",
    "appowner_id": "1113",
    "appowner_name": undefined,
    "campaign_id": "1135",
    "campaign_name": "campaign 1135",
    "clicks_count": 5756,
    "complete": 82417,
    "content_id": "1358",
    "content_name": "Web series EP 1358",
    "content_type": "LIVE",
    "conversion_count": 474,
    "demand_type": "direct",
    "eCPM": 0.0014648715274485635,
    "first_quarter": 18617,
    "impressions_count": 46350,
    "mid_point": 20891,
    "pause": 48616,
    "requests_count": 452267,
    "revenue_count": 31641,
    "skip": 119426,
    "tag_name": "automobile tag 3584",
    "third_quarter": 20752,
    "timestamp": "2021-08-04T16:57:48.778Z",
  },
  Object {
    "CTR": 57.92351965262274,
    "ad_tag_id": "2126",
    "ad_type": "VMAP",
    "appowner_id": "1112",
    "appowner_name": undefined,
    "campaign_id": "1121",
    "campaign_name": "campaign 1121",
    "clicks_count": 2828,
    "complete": 75863,
    "content_id": "1212",
    "content_name": "Web series EP 1212",
    "content_type": "VOD",
    "conversion_count": 338,
    "demand_type": "direct",
    "eCPM": 0.000994500234249282,
    "first_quarter": 15809,
    "impressions_count": 48823,
    "mid_point": 16585,
    "pause": 42707,
    "requests_count": 519210,
    "revenue_count": 49093,
    "skip": 103898,
    "tag_name": "automobile tag 2126",
    "third_quarter": 14984,
    "timestamp": "2021-07-28T14:12:58.153Z",
  },
  Object {
    "CTR": 93.55576739752145,
    "ad_tag_id": "2129",
    "ad_type": "VMAP",
    "appowner_id": "1112",
    "appowner_name": undefined,
    "campaign_id": "1121",
    "campaign_name": "campaign 1121",
    "clicks_count": 4907,
    "complete": 74380,
    "content_id": "1212",
    "content_name": "Web series EP 1212",
    "content_type": "LIVE",
    "conversion_count": 554,
    "demand_type": "direct",
    "eCPM": 0.001125077757995667,
    "first_quarter": 15124,
    "impressions_count": 52450,
    "mid_point": 17099,
    "pause": 43484,
    "requests_count": 466548,
    "revenue_count": 46619,
    "skip": 105501,
    "tag_name": "automobile tag 2129",
    "third_quarter": 19178,
    "timestamp": "2021-07-28T14:12:58.178Z",
  },
  Object {
    "CTR": 93.73236558930552,
    "ad_tag_id": "2179",
    "ad_type": "VAST",
    "appowner_id": "1112",
    "appowner_name": undefined,
    "campaign_id": "1121",
    "campaign_name": "campaign 1121",
    "clicks_count": 4817,
    "complete": 76066,
    "content_id": "1217",
    "content_name": "Web series EP 1217",
    "content_type": "VOD",
    "conversion_count": 393,
    "demand_type": "direct",
    "eCPM": 0.0016132282772476142,
    "first_quarter": 16342,
    "impressions_count": 51391,
    "mid_point": 17027,
    "pause": 42271,
    "requests_count": 437540,
    "revenue_count": 31856,
    "skip": 104413,
    "tag_name": "automobile tag 2179",
    "third_quarter": 19102,
    "timestamp": "2021-07-28T14:13:47.798Z",
  },
  Object {
    "CTR": 81.4407522511754,
    "ad_tag_id": "2357",
    "ad_type": "VAST",
    "appowner_id": "1112",
    "appowner_name": undefined,
    "campaign_id": "1123",
    "campaign_name": "campaign 1123",
    "clicks_count": 3066,
    "complete": 74246,
    "content_id": "1235",
    "content_name": "Web series EP 1235",
    "content_type": "LIVE",
    "conversion_count": 414,
    "demand_type": "direct",
    "eCPM": 0.0009112186857073702,
    "first_quarter": 15097,
    "impressions_count": 37647,
    "mid_point": 17987,
    "pause": 44237,
    "requests_count": 416379,
    "revenue_count": 41315,
    "skip": 105567,
    "tag_name": "automobile tag 2357",
    "third_quarter": 15717,
    "timestamp": "2021-07-28T14:16:32.371Z",
  },
  Object {
    "CTR": 106.29179252833501,
    "ad_tag_id": "2393",
    "ad_type": "VAST",
    "appowner_id": "1112",
    "appowner_name": undefined,
    "campaign_id": "1123",
    "campaign_name": "campaign 1123",
    "clicks_count": 4117,
    "complete": 75109,
    "content_id": "1239",
    "content_name": "Web series EP 1239",
    "content_type": "VOD",
    "conversion_count": 373,
    "demand_type": "direct",
    "eCPM": 0.0011045427324835315,
    "first_quarter": 15005,
    "impressions_count": 38733,
    "mid_point": 18169,
    "pause": 42775,
    "requests_count": 384092,
    "revenue_count": 35067,
    "skip": 104625,
    "tag_name": "automobile tag 2393",
    "third_quarter": 16759,
    "timestamp": "2021-07-28T14:17:03.560Z",
  },
]
`;

exports[`Tests transformQueryParam Matches snapshot 1`] = `
Object {
  "from": 30,
  "groupBy": "doc['timestamp'].value.toString('yyyy_MM_dd_hh')+doc['ad_tag_data.ad_tag_id']+doc['ad_tag_data.ad_type']+doc['appowner_id']+doc['campaign_data.campaign_id']+doc['content_data.content_id']+doc['content_data.content_type']+doc['demand_type']",
  "query": Object {
    "bool": Object {
      "filter": Array [
        Object {
          "range": Object {
            "timestamp": Object {
              "gt": 2021-07-27T18:30:00.000Z,
              "lt": 2021-08-29T18:30:00.000Z,
            },
          },
        },
        Object {
          "multi_match": Object {
            "fields": Array [
              "ad_tag_data.ad_tag_id",
              "campaign_data.campaign_id",
            ],
            "query": "123 321",
          },
        },
      ],
    },
  },
  "size": 10,
}
`;
